// Jest Snapshot v1, https://goo.gl/fbAQLP

exports[`Combobox component renders correctly 1`] = `
<div
  id="outer"
>
   
  <div
    className="combo-box"
  >
    <label>
      Games
    </label>
    <div
      className="drop-down"
      onClick={[Function]}
    >
      <input
        className="form-input"
        defaultValue=""
        placeholder="Select Games"
        type="text"
      />
      <i
        className="down-arrow"
      />
    </div>
  </div>
</div>
`;
