// Jest Snapshot v1, https://goo.gl/fbAQLP

exports[`Combobox component renders correctly 1`] = `
<div
  className="combo-box"
>
  <label>
    Games
  </label>
  <input
    className="form-input"
    defaultValue=""
    onFocus={[Function]}
    placeholder="Select Games"
    type="text"
  />
</div>
`;
