// Jest Snapshot v1, https://goo.gl/fbAQLP

exports[`Component renders successfully 1`] = `
<form
  className="form"
>
  <label>
    Username
  </label>
  <input
    name="userName"
    onChange={[Function]}
    placeholder="Username"
    required={true}
    type="text"
    value=""
  />
  <div
    id="outer"
  >
     
    <div
      className="combo-box"
    >
      <label>
        Games
      </label>
      <div
        className="drop-down"
        onClick={[Function]}
      >
        <input
          className="form-input"
          defaultValue="Candy Eat, Onions Pick"
          placeholder="Select Games"
          type="text"
        />
        <i
          className="down-arrow"
        />
      </div>
    </div>
  </div>
  <input
    disabled={true}
    type="submit"
    value="Submit"
  />
</form>
`;
